// Jest Snapshot v1, https://goo.gl/fbAQLP

exports[`page renders the main page 1`] = `
<div>
  <h1
    class="font-bold text-6xl text-center"
  >
    Hello world
  </h1>
</div>
`;
